> node scripts/build-migrations-manifest.js
Wrote /Users/gallivan/Code/WMKF_Apps/lib/db/migrations-manifest.json (23 files)
> next build
▲ Next.js 16.2.9 (Turbopack)
- Environments: .env.local
  Running TypeScript ...
  Finished TypeScript in 44ms ...
  Creating an optimized production build ...
✓ Compiled successfully in 3.6s
  Collecting page data using 7 workers ...
  Generating static pages using 7 workers (0/30) ...
  Generating static pages using 7 workers (7/30) 
  Generating static pages using 7 workers (14/30) 
  Generating static pages using 7 workers (22/30) 
✓ Generating static pages using 7 workers (30/30) in 112ms
  Finalizing page optimization ...
Route (pages)
┌ ○ /
├   /_app
├ ○ /404
├ ○ /admin
├ ƒ /api/admin/alert-recipients
├ ƒ /api/admin/alerts
├ ƒ /api/admin/email-defaults
├ ƒ /api/admin/health-history
├ ƒ /api/admin/honorarium-amount
├ ƒ /api/admin/maintenance
├ ƒ /api/admin/models
├ ƒ /api/admin/policies
├ ƒ /api/admin/prompts
├ ƒ /api/admin/prompts/[name]
├ ƒ /api/admin/reconcile-identities
├ ƒ /api/admin/review-questions
├ ƒ /api/admin/reviewer-time-budget
├ ƒ /api/admin/secrets
├ ƒ /api/admin/stats
├ ƒ /api/admin/users
├ ƒ /api/analyze-funding-gap
├ ƒ /api/analyze-literature
├ ƒ /api/api-capabilities
├ ƒ /api/app-access
├ ƒ /api/auth/[...nextauth]
├ ƒ /api/auth/link-profile
├ ƒ /api/auth/status
├ ƒ /api/bill/onboard-reviewer
├ ƒ /api/blob-proxy
├ ƒ /api/cron/auth-bypass-check
├ ƒ /api/cron/drain-reviewer-acceptances
├ ƒ /api/cron/drain-submissions
├ ƒ /api/cron/generate-grantee-titles
├ ƒ /api/cron/grantee-deliverable-reminders
├ ƒ /api/cron/health-check
├ ƒ /api/cron/log-analysis
├ ƒ /api/cron/maintenance
├ ƒ /api/cron/pricing-canary
├ ƒ /api/cron/pricing-refresh
├ ƒ /api/cron/reconcile-identities
├ ƒ /api/cron/refresh-irs-bmf
├ ƒ /api/cron/reviewer-email-reconcile
├ ƒ /api/cron/reviewer-reminders
├ ƒ /api/cron/secret-check
├ ƒ /api/cron/send-review-thankyous
├ ƒ /api/cron/spend-check
├ ƒ /api/cron/sweep-stale-invites
├ ƒ /api/dataverse-export/download
├ ƒ /api/dataverse-export/metadata
├ ƒ /api/dataverse-export/preview
├ ƒ /api/dataverse-export/run
├ ƒ /api/dynamics-explorer/chat
├ ƒ /api/dynamics-explorer/download-document
├ ƒ /api/dynamics-explorer/feedback
├ ƒ /api/dynamics-explorer/restrictions
├ ƒ /api/dynamics-explorer/roles
├ ƒ /api/email-defaults/grantee-invite
├ ƒ /api/email-defaults/reviewer-templates
├ ƒ /api/evaluate-multi-perspective
├ ƒ /api/expertise-finder/batch-match
├ ƒ /api/expertise-finder/history
├ ƒ /api/expertise-finder/match
├ ƒ /api/expertise-finder/proposals
├ ƒ /api/expertise-finder/roster
├ ƒ /api/external/grantee/[token]/context
├ ƒ /api/external/grantee/[token]/submit
├ ƒ /api/external/review/[token]/context
├ ƒ /api/external/review/[token]/draft
├ ƒ /api/external/review/[token]/proposal
├ ƒ /api/external/review/[token]/respond
├ ƒ /api/external/review/[token]/submit
├ ƒ /api/external/review/[token]/upload
├ ƒ /api/field-primer/generate
├ ƒ /api/grant-reporting/extract
├ ƒ /api/grant-reporting/lookup-grant
├ ƒ /api/health
├ ƒ /api/intake/draft
├ ƒ /api/intake/draft/attach
├ ƒ /api/intake/draft/upload-token
├ ƒ /api/intake/submit
├ ƒ /api/integrity-screener/dismiss
├ ƒ /api/integrity-screener/history
├ ƒ /api/integrity-screener/screen
├ ƒ /api/irs/verify-ein
├ ƒ /api/phase-i-dynamics/summarize
├ ƒ /api/phase-i-dynamics/summarize-v2
├ ƒ /api/process
├ ƒ /api/process-expenses
├ ƒ /api/process-peer-reviews
├ ƒ /api/process-phase-i
├ ƒ /api/process-phase-i-writeup
├ ƒ /api/qa
├ ƒ /api/refine
├ ƒ /api/review-manager/campaign-config
├ ƒ /api/review-manager/download-review
├ ƒ /api/review-manager/mark-received-no-file
├ ƒ /api/review-manager/materials-preflight
├ ƒ /api/review-manager/regenerate-token
├ ƒ /api/review-manager/release-settings
├ ƒ /api/review-manager/render-emails
├ ƒ /api/review-manager/reviewers
├ ƒ /api/review-manager/revoke-token
├ ƒ /api/review-manager/send-emails
├ ƒ /api/review-manager/send-review-reminder
├ ƒ /api/review-manager/synthesize-reviews
├ ƒ /api/review-manager/upload-review
├ ƒ /api/review-manager/withdraw-sufficient
├ ƒ /api/reviewer-finder/analyze
├ ƒ /api/reviewer-finder/contact-history
├ ƒ /api/reviewer-finder/cycle-material
├ ƒ /api/reviewer-finder/discover
├ ƒ /api/reviewer-finder/enrich-contacts
├ ƒ /api/reviewer-finder/generate-emails
├ ƒ /api/reviewer-finder/grant-cycles
├ ƒ /api/reviewer-finder/load-proposal
├ ƒ /api/reviewer-finder/merge-candidates
├ ƒ /api/reviewer-finder/my-candidates
├ ƒ /api/reviewer-finder/my-proposals
├ ƒ /api/reviewer-finder/prompt-override
├ ƒ /api/reviewer-finder/save-candidates
├ ƒ /api/test-email
├ ƒ /api/upload-handler
├ ƒ /api/user-preferences
├ ƒ /api/user-profiles
├ ƒ /api/virtual-review-panel
├ ƒ /api/webhooks/bill
├ ƒ /api/workbench/applicant-reviewers
├ ƒ /api/workbench/dashboard
├ ƒ /api/workbench/download-proposal-document
├ ƒ /api/workbench/enrich-recommended
├ ƒ /api/workbench/export-candidates
├ ƒ /api/workbench/grantee-deliverables/abstract
├ ƒ /api/workbench/grantee-deliverables/awardees
├ ƒ /api/workbench/grantee-deliverables/cycle-export
├ ƒ /api/workbench/grantee-deliverables/generate
├ ƒ /api/workbench/grantee-deliverables/preview-invite
├ ƒ /api/workbench/grantee-deliverables/recipients
├ ƒ /api/workbench/grantee-deliverables/send-invite
├ ƒ /api/workbench/grantee-deliverables/website-html
├ ƒ /api/workbench/manual-reviewer
├ ƒ /api/workbench/orcid-lookup
├ ƒ /api/workbench/promote-applicant-reviewer
├ ƒ /api/workbench/proposal-documents
├ ƒ /api/workbench/resolve-request
├ ƒ /api/workbench/reviewer-lookup
├ ƒ /api/workbench/reviewer-rollup
├ ƒ /api/workbench/reviewer-roster
├ ƒ /api/workbench/triage
├ ○ /apply
├ ○ /auth/error
├ ƒ /auth/signin
├ ○ /batch-phase-i-summaries
├ ○ /batch-proposal-summaries
├ ○ /dataverse-bulk-export
├ ○ /dynamics-explorer
├ ○ /expense-reporter
├ ○ /expertise-finder
├ ○ /external/grantee/[token]
├ ○ /external/review/[token]
├ ○ /funding-gap-analyzer
├ ○ /grant-reporting
├ ○ /guide
├ ○ /integrity-screener
├ ○ /literature-analyzer
├ ○ /multi-perspective-evaluator
├ ○ /peer-review-summarizer
├ ○ /phase-i-dynamics
├ ○ /phase-i-writeup
├ ○ /phase-ii-writeup
├ ○ /profile-settings
├ ○ /test-email
├ ○ /virtual-review-panel
├ ○ /workbench
├ ○ /workbench/[requestId]
└ ○ /workbench/awardees
ƒ Proxy (Middleware)
○  (Static)   prerendered as static content
ƒ  (Dynamic)  server-rendered on demand
(node:69433) ExperimentalWarning: localStorage is not available because --localstorage-file was not provided.
(Use `node --trace-warnings ...` to show where the warning was created)
